160,32,0,Data/Grass.png;
160,64,0,Data/Grass.png;
160,96,0,Data/Grass.png;
192,128,0,Data/Grass.png;
192,160,0,Data/Grass.png;
192,192,0,Data/Grass.png;
160,224,0,Data/Grass.png;
128,256,0,Data/Grass.png;
96,256,0,Data/Grass.png;
64,256,0,Data/Grass.png;
32,256,0,Data/Grass.png;
0,256,0,Data/Grass.png;
-32,224,0,Data/Grass.png;
-64,192,0,Data/Grass.png;
-64,160,0,Data/Grass.png;
-64,128,0,Data/Grass.png;
-32,96,0,Data/Grass.png;
-32,64,0,Data/Grass.png;
-32,32,0,Data/Grass.png;
-64,0,0,Data/Grass.png;
-32,-32,0,Data/Grass.png;
32,-64,0,Data/Grass.png;
96,-64,0,Data/Grass.png;
160,-32,0,Data/Grass.png;
192,0,0,Data/Grass.png;
64,-64,0,Data/Grass.png;
128,-32,0,Data/Grass.png;
96,-32,0,Data/Grass.png;
64,-32,0,Data/Grass.png;
32,-32,0,Data/Grass.png;
0,-32,0,Data/Grass.png;
32,0,0,Data/Grass.png;
64,0,0,Data/Grass.png;
96,0,0,Data/Grass.png;
96,0,0,Data/Grass.png;
0,160,0,Data/Grass.png;
32,192,0,Data/Grass.png;
64,192,0,Data/Grass.png;
96,192,0,Data/Grass.png;
128,160,0,Data/Grass.png;
64,128,0,Data/Grass.png;
96,64,0,Data/Grass.png;
32,64,0,Data/Grass.png;
-32,0,0,Data/Grass.png;
416,0,0,Data/Grass.png;
384,0,0,Data/Grass.png;
352,0,0,Data/Grass.png;
160,0,0,Data/Grass.png;
128,0,0,Data/Grass.png;
0,0,0,Data/Grass.png;