-40,-24,0,Data/Roof.png;
-32,-32,0,Data/Roof.png;
-32,-24,0,Data/WoodBoard.png;
-32,-16,0,Data/WoodBoard.png;
-32,-8,0,Data/WoodBoard.png;
-32,0,0,Data/WoodBoard.png;
-16,0,0,Data/Grass.png;
72,0,0,Data/Grass.png;
64,0,0,Data/Grass.png;
48,0,0,Data/Grass.png;
56,0,0,Data/Grass.png;
40,0,0,Data/Grass.png;
32,0,0,Data/Grass.png;
24,0,0,Data/Grass.png;
16,0,0,Data/Grass.png;
8,0,0,Data/Grass.png;
0,0,0,Data/Grass.png;
-8,0,0,Data/Grass.png;
-24,0,0,Data/Grass.png;
-24,8,0,Data/Dirt.png;
-16,8,0,Data/Dirt.png;
-8,8,0,Data/Dirt.png;
0,8,0,Data/Dirt.png;
8,8,0,Data/Dirt.png;
16,8,0,Data/Dirt.png;
24,8,0,Data/Dirt.png;
-24,-8,0,Data/StoneBrick.png;
-24,-16,0,Data/StoneBrick.png;
-24,-24,0,Data/StoneBrick.png;
-24,-32,0,Data/StoneBrick.png;
24,-8,0,Data/StoneBrick.png;
24,-16,0,Data/StoneBrick.png;
24,-24,0,Data/StoneBrick.png;
24,-32,0,Data/StoneBrick.png;
16,-8,0,Data/Wood.png;
16,-16,0,Data/Wood.png;
16,-24,0,Data/Wood.png;
16,-24,0,Data/Wood.png;
-16,-8,0,Data/Wood.png;
-16,-16,0,Data/Wood.png;
-16,-24,0,Data/Wood.png;
-24,-40,0,Data/Roof.png;
-16,-48,0,Data/Roof.png;
-8,-56,0,Data/Roof.png;
24,-40,0,Data/Roof.png;
16,-48,0,Data/Roof.png;
8,-56,0,Data/Roof.png;
-16,-32,0,Data/CobbleStone.png;
-16,-40,0,Data/CobbleStone.png;
-8,-48,0,Data/CobbleStone.png;
0,-48,0,Data/CobbleStone.png;
8,-48,0,Data/CobbleStone.png;
0,-56,0,Data/CobbleStone.png;
16,-40,0,Data/CobbleStone.png;
16,-32,0,Data/CobbleStone.png;