128,128,0,Data/Grass.png;
128,96,0,Data/Grass.png;
96,96,0,Data/Grass.png;
64,96,0,Data/Grass.png;
32,96,0,Data/Grass.png;
0,96,0,Data/Grass.png;
0,32,0,Data/Grass.png;
0,64,0,Data/Grass.png;
32,64,0,Data/Grass.png;
32,32,0,Data/Grass.png;
64,32,0,Data/Grass.png;
64,64,0,Data/Grass.png;
96,64,0,Data/Grass.png;
96,32,0,Data/Grass.png;
128,64,0,Data/Grass.png;
128,32,0,Data/Grass.png;
0,0,0,Data/Grass.png;
128,0,0,Data/Grass.png;
96,0,0,Data/Grass.png;
96,0,0,Data/Grass.png;
64,0,0,Data/Grass.png;
32,0,0,Data/Grass.png;
-32,32,0,Data/Grass.png;
-32,64,0,Data/Grass.png;
-32,96,0,Data/Grass.png;
-32,224,0,Data/Grass.png;
160,224,0,Data/Grass.png;
160,96,0,Data/Grass.png;
160,64,0,Data/Grass.png;
160,32,0,Data/Grass.png;
160,192,0,Data/Grass.png;
160,160,0,Data/Grass.png;
160,128,0,Data/Grass.png;
-32,128,0,Data/Grass.png;
-32,160,0,Data/Grass.png;
-32,192,0,Data/Grass.png;
0,256,0,Data/Grass.png;
64,256,0,Data/Grass.png;
32,256,0,Data/Grass.png;
96,256,0,Data/Grass.png;
128,256,0,Data/Grass.png;
256,64,0,Data/Grass.png;
256,96,0,Data/Grass.png;
288,96,0,Data/Grass.png;
288,64,0,Data/Grass.png;